/Users/PhiXuanHoan/Design-Web/TaiLieu/Template/.DS_Store
/Users/PhiXuanHoan/Design-Web/TaiLieu/Template/startmin-master.zip
/Users/PhiXuanHoan/Design-Web/TaiLieu/Template/plugin zoom/index.html
/Users/PhiXuanHoan/Design-Web/TaiLieu/Template/plugin zoom/Product-Gallery-Image-Zoom/scripts/zoom-image.js
/Users/PhiXuanHoan/Design-Web/TaiLieu/Template/plugin zoom/Product-Gallery-Image-Zoom/scripts/main.js
/Users/PhiXuanHoan/Design-Web/TaiLieu/Template/plugin zoom/Product-Gallery-Image-Zoom/index.html
/Users/PhiXuanHoan/Design-Web/TaiLieu/Template/plugin zoom/Product-Gallery-Image-Zoom/images/online_icon_right@2x.png
/Users/PhiXuanHoan/Design-Web/TaiLieu/Template/plugin zoom/Product-Gallery-Image-Zoom/css/main.css
/Users/PhiXuanHoan/Design-Web/TaiLieu/Template/plugin zoom/Product-Gallery-Image-Zoom/_config.yml
/Users/PhiXuanHoan/Design-Web/TaiLieu/Template/plugin zoom/Product-Gallery-Image-Zoom/README.md
/Users/PhiXuanHoan/Design-Web/TaiLieu/Template/plugin zoom/.DS_Store
/Users/PhiXuanHoan/Design-Web/TaiLieu/Template/material-dashboard-pro-angular2-v1.4.6-master.zip
/Users/PhiXuanHoan/Design-Web/TaiLieu/Template/lazio/wishlist.html
/Users/PhiXuanHoan/Design-Web/TaiLieu/Template/lazio/terms-and-conditions.html
/Users/PhiXuanHoan/Design-Web/TaiLieu/Template/lazio/sinngle-product.html
/Users/PhiXuanHoan/Design-Web/TaiLieu/Template/lazio/single-product.html
/Users/PhiXuanHoan/Design-Web/TaiLieu/Template/lazio/single-product-variable.html
/Users/PhiXuanHoan/Design-Web/TaiLieu/Template/lazio/single-product-tab-style-3.html
/Users/PhiXuanHoan/Design-Web/TaiLieu/Template/lazio/single-product-tab-style-2.html
/Users/PhiXuanHoan/Design-Web/TaiLieu/Template/lazio/single-product-sticky-right.html
/Users/PhiXuanHoan/Design-Web/TaiLieu/Template/lazio/single-product-sticky-left.html
/Users/PhiXuanHoan/Design-Web/TaiLieu/Template/lazio/single-product-slider-full-width.html
/Users/PhiXuanHoan/Design-Web/TaiLieu/Template/lazio/single-product-slider-box.html
/Users/PhiXuanHoan/Design-Web/TaiLieu/Template/lazio/single-product-group.html
/Users/PhiXuanHoan/Design-Web/TaiLieu/Template/lazio/single-product-gallery-right.html
/Users/PhiXuanHoan/Design-Web/TaiLieu/Template/lazio/single-product-gallery-left.html
/Users/PhiXuanHoan/Design-Web/TaiLieu/Template/lazio/single-product-affiliate.html
/Users/PhiXuanHoan/Design-Web/TaiLieu/Template/lazio/single-portfolio.html
/Users/PhiXuanHoan/Design-Web/TaiLieu/Template/lazio/single-blog.html
/Users/PhiXuanHoan/Design-Web/TaiLieu/Template/lazio/single-blog-video.html
/Users/PhiXuanHoan/Design-Web/TaiLieu/Template/lazio/single-blog-right-sidebar.html
/Users/PhiXuanHoan/Design-Web/TaiLieu/Template/lazio/single-blog-image.html
/Users/PhiXuanHoan/Design-Web/TaiLieu/Template/lazio/single-blog-gallery.html
/Users/PhiXuanHoan/Design-Web/TaiLieu/Template/lazio/single-blog-audio.html
/Users/PhiXuanHoan/Design-Web/TaiLieu/Template/lazio/shop.html
/Users/PhiXuanHoan/Design-Web/TaiLieu/Template/lazio/shop-right-sidebar.html
/Users/PhiXuanHoan/Design-Web/TaiLieu/Template/lazio/shop-list.html
/Users/PhiXuanHoan/Design-Web/TaiLieu/Template/lazio/shop-list-right-sidebar.html
/Users/PhiXuanHoan/Design-Web/TaiLieu/Template/.DS_Store
/Users/PhiXuanHoan/Design-Web/TaiLieu/Template/startmin-master.zip
/Users/PhiXuanHoan/Design-Web/TaiLieu/Template/plugin zoom/index.html
/Users/PhiXuanHoan/Design-Web/TaiLieu/Template/plugin zoom/Product-Gallery-Image-Zoom/scripts/zoom-image.js
/Users/PhiXuanHoan/Design-Web/TaiLieu/Template/plugin zoom/Product-Gallery-Image-Zoom/scripts/main.js
/Users/PhiXuanHoan/Design-Web/TaiLieu/Template/plugin zoom/Product-Gallery-Image-Zoom/index.html
/Users/PhiXuanHoan/Design-Web/TaiLieu/Template/plugin zoom/Product-Gallery-Image-Zoom/images/online_icon_right@2x.png
/Users/PhiXuanHoan/Design-Web/TaiLieu/Template/plugin zoom/Product-Gallery-Image-Zoom/css/main.css
/Users/PhiXuanHoan/Design-Web/TaiLieu/Template/plugin zoom/Product-Gallery-Image-Zoom/_config.yml
/Users/PhiXuanHoan/Design-Web/TaiLieu/Template/plugin zoom/Product-Gallery-Image-Zoom/README.md
/Users/PhiXuanHoan/Design-Web/TaiLieu/Template/plugin zoom/.DS_Store
/Users/PhiXuanHoan/Design-Web/TaiLieu/Template/material-dashboard-pro-angular2-v1.4.6-master.zip
/Users/PhiXuanHoan/Design-Web/TaiLieu/Template/lazio/wishlist.html
/Users/PhiXuanHoan/Design-Web/TaiLieu/Template/lazio/terms-and-conditions.html
/Users/PhiXuanHoan/Design-Web/TaiLieu/Template/lazio/sinngle-product.html
/Users/PhiXuanHoan/Design-Web/TaiLieu/Template/lazio/single-product.html
/Users/PhiXuanHoan/Design-Web/TaiLieu/Template/lazio/single-product-variable.html
/Users/PhiXuanHoan/Design-Web/TaiLieu/Template/lazio/single-product-tab-style-3.html
/Users/PhiXuanHoan/Design-Web/TaiLieu/Template/lazio/single-product-tab-style-2.html
/Users/PhiXuanHoan/Design-Web/TaiLieu/Template/lazio/single-product-sticky-right.html
/Users/PhiXuanHoan/Design-Web/TaiLieu/Template/lazio/single-product-sticky-left.html
/Users/PhiXuanHoan/Design-Web/TaiLieu/Template/lazio/single-product-slider-full-width.html
/Users/PhiXuanHoan/Design-Web/TaiLieu/Template/lazio/single-product-slider-box.html
/Users/PhiXuanHoan/Design-Web/TaiLieu/Template/lazio/single-product-group.html
/Users/PhiXuanHoan/Design-Web/TaiLieu/Template/lazio/single-product-gallery-right.html
/Users/PhiXuanHoan/Design-Web/TaiLieu/Template/lazio/single-product-gallery-left.html
/Users/PhiXuanHoan/Design-Web/TaiLieu/Template/lazio/single-product-affiliate.html
/Users/PhiXuanHoan/Design-Web/TaiLieu/Template/lazio/single-portfolio.html
/Users/PhiXuanHoan/Design-Web/TaiLieu/Template/lazio/single-blog.html
/Users/PhiXuanHoan/Design-Web/TaiLieu/Template/lazio/single-blog-video.html
/Users/PhiXuanHoan/Design-Web/TaiLieu/Template/lazio/single-blog-right-sidebar.html
/Users/PhiXuanHoan/Design-Web/TaiLieu/Template/lazio/single-blog-image.html
/Users/PhiXuanHoan/Design-Web/TaiLieu/Template/lazio/single-blog-gallery.html
/Users/PhiXuanHoan/Design-Web/TaiLieu/Template/.DS_Store
/Users/PhiXuanHoan/Design-Web/TaiLieu/Template/startmin-master.zip
/Users/PhiXuanHoan/Design-Web/TaiLieu/Template/plugin zoom/index.html
/Users/PhiXuanHoan/Design-Web/TaiLieu/Template/plugin zoom/Product-Gallery-Image-Zoom/scripts/zoom-image.js
/Users/PhiXuanHoan/Design-Web/TaiLieu/Template/plugin zoom/Product-Gallery-Image-Zoom/scripts/main.js
/Users/PhiXuanHoan/Design-Web/TaiLieu/Template/plugin zoom/Product-Gallery-Image-Zoom/index.html
/Users/PhiXuanHoan/Design-Web/TaiLieu/Template/plugin zoom/Product-Gallery-Image-Zoom/images/online_icon_right@2x.png
/Users/PhiXuanHoan/Design-Web/TaiLieu/Template/plugin zoom/Product-Gallery-Image-Zoom/css/main.css
/Users/PhiXuanHoan/Design-Web/TaiLieu/Template/plugin zoom/Product-Gallery-Image-Zoom/_config.yml
/Users/PhiXuanHoan/Design-Web/TaiLieu/Template/plugin zoom/Product-Gallery-Image-Zoom/README.md
/Users/PhiXuanHoan/Design-Web/TaiLieu/Template/plugin zoom/.DS_Store
/Users/PhiXuanHoan/Design-Web/TaiLieu/Template/material-dashboard-pro-angular2-v1.4.6-master.zip
/Users/PhiXuanHoan/Design-Web/TaiLieu/Template/lazio/wishlist.html
/Users/PhiXuanHoan/Design-Web/TaiLieu/Template/lazio/terms-and-conditions.html
/Users/PhiXuanHoan/Design-Web/TaiLieu/Template/lazio/sinngle-product.html
/Users/PhiXuanHoan/Design-Web/TaiLieu/Template/lazio/single-product.html
/Users/PhiXuanHoan/Design-Web/TaiLieu/Template/lazio/single-product-variable.html
/Users/PhiXuanHoan/Design-Web/TaiLieu/Template/lazio/single-product-tab-style-3.html
/Users/PhiXuanHoan/Design-Web/TaiLieu/Template/lazio/single-product-tab-style-2.html
/Users/PhiXuanHoan/Design-Web/TaiLieu/Template/lazio/single-product-sticky-right.html
/Users/PhiXuanHoan/Design-Web/TaiLieu/Template/.DS_Store
/Users/PhiXuanHoan/Design-Web/TaiLieu/Template/startmin-master.zip
/Users/PhiXuanHoan/Design-Web/TaiLieu/Template/plugin zoom/index.html
/Users/PhiXuanHoan/Design-Web/TaiLieu/birthday/style.css
/Users/PhiXuanHoan/Design-Web/TaiLieu/birthday/index-gift.html
/Users/PhiXuanHoan/Design-Web/TaiLieu/birthday/style1.css
/Users/PhiXuanHoan/Design-Web/TaiLieu/birthday/index.html
/Users/PhiXuanHoan/Design-Web/TaiLieu/birthday/index.js
/Users/PhiXuanHoan/Design-Web/TaiLieu/birthday/index1.js
